cover [import.meta.url] ... 86.957% (20/23)
  16 |         if (false) {
  17 |           console.log("not covered");
  18 |         }
