cover [import.meta.url] ... 81.250% (13/16)
  13 |   if (false) {
  14 |     console.log("not covered");
  15 |   }
