cover [import.meta.url] ... 64.706% (11/17)
  12 |   if (false) {
  13 |     console.log("not covered");
  14 |   }
-----|-----
  18 | } : function () {
  19 |     console.log("not covered");
  20 | });