cover [import.meta.url] ... 82.353% (14/17)
  13 |   if (false) {
  14 |     console.log("not covered");
  15 |   }
