cover [import.meta.url] ... 81.250% (13/16)
  12 |   if (false) {
  13 |     console.log("not covered");
  14 |   }
