cover [import.meta.url] ... 76.000% (19/25)
  11 |   if (!foo) {
  12 |     console.log("not covered");
  13 |   }
-----|-----
  22 |   if (!foo) {
  23 |     console.log("not covered");
  24 |   }
